Mono path[0] = 'I:/Medal/hollow knight/Hollow Knight/hollow_knight_Data/Managed'
Mono config path = 'I:/Medal/hollow knight/Hollow Knight/MonoBleedingEdge/etc'
Input System module state changed to: Initialized.
[Physics::Module] Initialized fallback backend.
[Physics::Module] Id: 0xdecafbad
Initialize engine version: 6000.0.61f1 (74a0adb02c31)
[Subsystems] Discovering subsystems at path I:/Medal/hollow knight/Hollow Knight/hollow_knight_Data/UnitySubsystems
GfxDevice: creating device client; kGfxThreadingModeThreaded
Direct3D:
    Version:  Direct3D 11.0 [level 11.1]
    Renderer: Intel(R) HD Graphics 630 (ID=0x5912)
    Vendor:   Intel
    VRAM:     4040 MB
    Driver:   31.0.101.2140
Begin MonoManager ReloadAssembly
- Loaded All Assemblies, in  5.935 seconds
- Finished resetting the current domain, in  0.003 seconds
[Physics::Module] Selected backend.
[Physics::Module] Name: PhysX
[Physics::Module] Id: 0xf2b8ea05
[Physics::Module] SDK Version: 4.1.2
[Physics::Module] Integration Version: 1.0.0
[Physics::Module] Threading Mode: Multi-Threaded
<RI> Initializing input.
Using Windows.Gaming.Input
<RI> Input initialized.
UnloadTime: 27.116700 ms
Steam initializing
Steam logged in as SteamRIP
Selected online subsystem SteamOnlineSubsystem
Couldn't find a Game Manager, make sure one exists in the scene.
Discovered supported languages: DE, EN, ES, FR, IT, JA, KO, PT, RU, ZH, ZH_TW
Unloading 5 Unused Serialized files (Serialized files now loaded: 0)
Loaded saved language code 'EN'
Restored language code 'EN'
Unloading 49 unused Assets to reduce memory usage. Loaded Objects now: 4274.
Total: 20.271000 ms (FindLiveObjects: 0.183800 ms CreateObjectMapping: 0.141800 ms MarkObjects: 19.908100 ms  DeleteObjects: 0.036600 ms)

Couldn't find GameCameras, make sure one exists in the scene.
Steam stats received.
Unloading 5 Unused Serialized files (Serialized files now loaded: 0)
Didn't need to wait for PlayerPrefs load.
Couldn't find GameCameras, make sure one exists in the scene.
UnloadTime: 9.260400 ms
DontDestroyOnLoad only works for root GameObjects or components on root GameObjects.
Performing automatic level start.
Failed to retrieve achievement state for ENDING_C
Failed to retrieve achievement state for STEELSOUL
Game controller set to None.
Loaded saved language code 'EN'
Restored language code 'EN'
Attempting to get `timeSamples` on an audio source that has a resource assigned that is not a clip is ignored!
pd.maxHealth: 8 pd.maxHealthBase: 8
pd.maxHealth: 5 pd.maxHealthBase: 5
Unloading 66 unused Assets to reduce memory usage. Loaded Objects now: 47392.
Total: 54.144500 ms (FindLiveObjects: 5.687400 ms CreateObjectMapping: 1.695600 ms MarkObjects: 46.609500 ms  DeleteObjects: 0.151500 ms)

Making UI menu lean.
Attempting to get `timeSamples` on an audio source that has a resource assigned that is not a clip is ignored!
Unloading 24 Unused Serialized files (Serialized files now loaded: 0)
Unloading 180 unused Assets to reduce memory usage. Loaded Objects now: 56424.
Total: 69.368200 ms (FindLiveObjects: 5.858900 ms CreateObjectMapping: 1.898300 ms MarkObjects: 60.341200 ms  DeleteObjects: 1.269500 ms)

Attempting to update blur with no renderer. Will try to find it now...
Failed to retrieve achievement state for MAP
Failed to retrieve achievement state for STAG_STATION_HALF
Failed to retrieve achievement state for GRUBFRIEND
Failed to retrieve achievement state for CHARMED
Failed to retrieve achievement state for ENCHANTED
Failed to retrieve achievement state for SOULFUL
Failed to retrieve achievement state for PROTECTED
Failed to retrieve achievement state for ATTUNEMENT
Failed to retrieve achievement state for AWAKENING
Failed to retrieve achievement state for HORNET_1
Failed to retrieve achievement state for HORNET_2
Failed to retrieve achievement state for SOUL_MASTER_DEFEAT
Failed to retrieve achievement state for BROKEN_VESSEL
Failed to retrieve achievement state for DREAM_BROKEN_VESSEL
Failed to retrieve achievement state for DUNG_DEFENDER
Failed to retrieve achievement state for MANTIS_LORDS
Failed to retrieve achievement state for COLLECTOR
Failed to retrieve achievement state for TRAITOR_LORD
Failed to retrieve achievement state for BEAST
Failed to retrieve achievement state for WATCHER
Failed to retrieve achievement state for TEACHER
Failed to retrieve achievement state for COLOSSEUM_1
Failed to retrieve achievement state for COLOSSEUM_2
Object Pool attached to GlobalPool has run out of Slash Impact R prefabs, Instantiating an additional one.
Object Pool attached to GlobalPool has run out of Strike Nail R prefabs, Instantiating an additional one.
Attempting to get `timeSamples` on an audio source that has a resource assigned that is not a clip is ignored!
Object Pool attached to GlobalPool has run out of Run Effects prefabs, Instantiating an additional one.
Object Pool attached to GlobalPool has run out of Run Effects prefabs, Instantiating an additional one.
No area with identifier "HIDDEN_STATION" found in area list. Creating default SubArea.
Could not find FSM: advance_conversation
Attempting to get `timeSamples` on an audio source that has a resource assigned that is not a clip is ignored!
Object Pool attached to GlobalPool has run out of Slash Impact R prefabs, Instantiating an additional one.
Object Pool attached to GlobalPool has run out of Slash Impact R prefabs, Instantiating an additional one.
Object Pool attached to GlobalPool has run out of Slash Impact R prefabs, Instantiating an additional one.
Object Pool attached to GlobalPool has run out of Plat Dust prefabs, Instantiating an additional one.
Object Pool attached to GlobalPool has run out of Strike Nail R prefabs, Instantiating an additional one.
Could not find FSM: Zombie Hive
Could not find FSM: Zombie Hive
Object Pool attached to GlobalPool has run out of Strike Nail R prefabs, Instantiating an additional one.
Object Pool attached to GlobalPool has run out of Strike Nail R prefabs, Instantiating an additional one.
Could not find FSM: Zombie Hive
Could not find FSM: Zombie Hive
Persistent Bool Item - Couldn't reset value on FSM because it's missing.
Failed to retrieve achievement state for MAP
Failed to retrieve achievement state for STAG_STATION_HALF
Failed to retrieve achievement state for GRUBFRIEND
Failed to retrieve achievement state for CHARMED
Failed to retrieve achievement state for ENCHANTED
Failed to retrieve achievement state for SOULFUL
Failed to retrieve achievement state for PROTECTED
Failed to retrieve achievement state for ATTUNEMENT
Failed to retrieve achievement state for AWAKENING
Failed to retrieve achievement state for HORNET_1
Failed to retrieve achievement state for HORNET_2
Failed to retrieve achievement state for SOUL_MASTER_DEFEAT
Failed to retrieve achievement state for BROKEN_VESSEL
Failed to retrieve achievement state for DREAM_BROKEN_VESSEL
Failed to retrieve achievement state for DUNG_DEFENDER
Failed to retrieve achievement state for MANTIS_LORDS
Failed to retrieve achievement state for COLLECTOR
Failed to retrieve achievement state for TRAITOR_LORD
Failed to retrieve achievement state for BEAST
Failed to retrieve achievement state for WATCHER
Failed to retrieve achievement state for TEACHER
Failed to retrieve achievement state for COLOSSEUM_1
Failed to retrieve achievement state for COLOSSEUM_2
Object Pool attached to GlobalPool has run out of Charm Place Effect prefabs, Instantiating an additional one.
Object Pool attached to GlobalPool has run out of Run Effects prefabs, Instantiating an additional one.
Object Pool attached to GlobalPool could not find a copy of Audio Player NoDestroy, Instantiating a new one.
Unloading 63 Unused Serialized files (Serialized files now loaded: 0)
Unloading 3759 unused Assets to reduce memory usage. Loaded Objects now: 61672.
Total: 119.597200 ms (FindLiveObjects: 15.162300 ms CreateObjectMapping: 3.466900 ms MarkObjects: 82.054500 ms  DeleteObjects: 18.913300 ms)

Failed to retrieve achievement state for MAP
Failed to retrieve achievement state for STAG_STATION_HALF
Failed to retrieve achievement state for GRUBFRIEND
Failed to retrieve achievement state for CHARMED
Failed to retrieve achievement state for ENCHANTED
Failed to retrieve achievement state for SOULFUL
Failed to retrieve achievement state for PROTECTED
Failed to retrieve achievement state for ATTUNEMENT
Failed to retrieve achievement state for AWAKENING
Failed to retrieve achievement state for HORNET_1
Failed to retrieve achievement state for HORNET_2
Failed to retrieve achievement state for SOUL_MASTER_DEFEAT
Failed to retrieve achievement state for BROKEN_VESSEL
Failed to retrieve achievement state for DREAM_BROKEN_VESSEL
Failed to retrieve achievement state for DUNG_DEFENDER
Failed to retrieve achievement state for MANTIS_LORDS
Failed to retrieve achievement state for COLLECTOR
Failed to retrieve achievement state for TRAITOR_LORD
Failed to retrieve achievement state for BEAST
Failed to retrieve achievement state for WATCHER
Failed to retrieve achievement state for TEACHER
Failed to retrieve achievement state for COLOSSEUM_1
Failed to retrieve achievement state for COLOSSEUM_2
Persistent Bool Item - Couldn't reset value on FSM because it's missing.
Persistent Bool Item - Couldn't reset value on FSM because it's missing.
Coroutine couldn't be started because the the game object 'Arrow Prompt New(Clone)' is inactive!
Attempting to get `timeSamples` on an audio source that has a resource assigned that is not a clip is ignored!
Unloading 27 Unused Serialized files (Serialized files now loaded: 0)
Unloading 56 unused Assets to reduce memory usage. Loaded Objects now: 64158.
Total: 87.157300 ms (FindLiveObjects: 7.511300 ms CreateObjectMapping: 2.639400 ms MarkObjects: 76.606100 ms  DeleteObjects: 0.400100 ms)

Couldn't get static variable: skipRemoveDreamOrbs
Failed to retrieve achievement state for ATTUNEMENT
Object Pool attached to GlobalPool has run out of Run Effects prefabs, Instantiating an additional one.
Object Pool attached to GlobalPool has run out of Run Effects prefabs, Instantiating an additional one.
Failed to retrieve achievement state for CHARMED
Failed to retrieve achievement state for ENCHANTED
Unloading 39 Unused Serialized files (Serialized files now loaded: 0)
UnloadTime: 6.271200 ms
No Tilemap, refreshing GameManager
Using fallback 1 to find tilemap. Scene  requires manual fixing.
Using fallback 2 to find tilemap. Scene  requires manual fixing.
Failed to find tilemap in  entirely.
No Tilemap found!
Unloading 1296 unused Assets to reduce memory usage. Loaded Objects now: 55546.
Total: 81.199400 ms (FindLiveObjects: 8.306000 ms CreateObjectMapping: 2.990500 ms MarkObjects: 64.781300 ms  DeleteObjects: 5.120900 ms)

Unloading 5 Unused Serialized files (Serialized files now loaded: 0)
UnloadTime: 0.827800 ms
DontDestroyOnLoad only works for root GameObjects or components on root GameObjects.
Performing automatic level start.
Failed to retrieve achievement state for ENDING_C
Failed to retrieve achievement state for STEELSOUL
Game controller set to None.
Loaded saved language code 'EN'
Restored language code 'EN'
Attempting to get `timeSamples` on an audio source that has a resource assigned that is not a clip is ignored!
pd.maxHealth: 8 pd.maxHealthBase: 8
pd.maxHealth: 5 pd.maxHealthBase: 5
Unloading 500 unused Assets to reduce memory usage. Loaded Objects now: 49023.
Total: 68.754900 ms (FindLiveObjects: 6.936200 ms CreateObjectMapping: 5.205200 ms MarkObjects: 54.114100 ms  DeleteObjects: 2.499000 ms)

Unloading 1 Unused Serialized files (Serialized files now loaded: 0)
Unloading 0 unused Assets to reduce memory usage. Loaded Objects now: 49025.
Total: 65.053200 ms (FindLiveObjects: 9.682300 ms CreateObjectMapping: 1.873800 ms MarkObjects: 53.381800 ms  DeleteObjects: 0.115100 ms)

Making UI menu lean.
Attempting to get `timeSamples` on an audio source that has a resource assigned that is not a clip is ignored!
Unloading 19 Unused Serialized files (Serialized files now loaded: 0)
Unloading 179 unused Assets to reduce memory usage. Loaded Objects now: 54409.
Total: 82.271700 ms (FindLiveObjects: 6.497900 ms CreateObjectMapping: 1.956400 ms MarkObjects: 73.169600 ms  DeleteObjects: 0.647400 ms)

Attempting to update blur with no renderer. Will try to find it now...
Failed to retrieve achievement state for MAP
Failed to retrieve achievement state for STAG_STATION_HALF
Failed to retrieve achievement state for GRUBFRIEND
Failed to retrieve achievement state for CHARMED
Failed to retrieve achievement state for ENCHANTED
Failed to retrieve achievement state for SOULFUL
Failed to retrieve achievement state for PROTECTED
Failed to retrieve achievement state for ATTUNEMENT
Failed to retrieve achievement state for AWAKENING
Failed to retrieve achievement state for HORNET_1
Failed to retrieve achievement state for HORNET_2
Failed to retrieve achievement state for SOUL_MASTER_DEFEAT
Failed to retrieve achievement state for BROKEN_VESSEL
Failed to retrieve achievement state for DREAM_BROKEN_VESSEL
Failed to retrieve achievement state for DUNG_DEFENDER
Failed to retrieve achievement state for MANTIS_LORDS
Failed to retrieve achievement state for COLLECTOR
Failed to retrieve achievement state for TRAITOR_LORD
Failed to retrieve achievement state for BEAST
Failed to retrieve achievement state for WATCHER
Failed to retrieve achievement state for TEACHER
Failed to retrieve achievement state for COLOSSEUM_1
Failed to retrieve achievement state for COLOSSEUM_2
Persistent Bool Item - Couldn't reset value on FSM because it's missing.
Persistent Bool Item - Couldn't reset value on FSM because it's missing.
Object Pool attached to GlobalPool has run out of Run Effects prefabs, Instantiating an additional one.
Object Pool attached to GlobalPool has run out of Strike Nail R prefabs, Instantiating an additional one.
Object Pool attached to GlobalPool has run out of Slash Impact R prefabs, Instantiating an additional one.
Attempting to get `timeSamples` on an audio source that has a resource assigned that is not a clip is ignored!
Failed to retrieve achievement state for MAP
Failed to retrieve achievement state for STAG_STATION_HALF
Failed to retrieve achievement state for GRUBFRIEND
Failed to retrieve achievement state for CHARMED
Failed to retrieve achievement state for ENCHANTED
Failed to retrieve achievement state for SOULFUL
Failed to retrieve achievement state for PROTECTED
Failed to retrieve achievement state for ATTUNEMENT
Failed to retrieve achievement state for AWAKENING
Failed to retrieve achievement state for HORNET_1
Failed to retrieve achievement state for HORNET_2
Failed to retrieve achievement state for SOUL_MASTER_DEFEAT
Failed to retrieve achievement state for BROKEN_VESSEL
Failed to retrieve achievement state for DREAM_BROKEN_VESSEL
Failed to retrieve achievement state for DUNG_DEFENDER
Failed to retrieve achievement state for MANTIS_LORDS
Failed to retrieve achievement state for COLLECTOR
Failed to retrieve achievement state for TRAITOR_LORD
Failed to retrieve achievement state for BEAST
Failed to retrieve achievement state for WATCHER
Failed to retrieve achievement state for TEACHER
Failed to retrieve achievement state for COLOSSEUM_1
Failed to retrieve achievement state for COLOSSEUM_2
Object Pool attached to GlobalPool has run out of Slash Impact R prefabs, Instantiating an additional one.
Object Pool attached to GlobalPool has run out of Slash Impact R prefabs, Instantiating an additional one.
Object Pool attached to GlobalPool has run out of Slash Impact R prefabs, Instantiating an additional one.
Object Pool attached to GlobalPool has run out of Slash Impact R prefabs, Instantiating an additional one.
No area with identifier "PALACE_GROUNDS" found in area list. Creating default SubArea.
Coroutine couldn't be started because the the game object 'Arrow Prompt New(Clone)' is inactive!
Object Pool attached to GlobalPool has run out of White Flash R prefabs, Instantiating an additional one.
Object Pool attached to GlobalPool could not find a copy of Uninfected Hit Pt, Instantiating a new one.
Object Pool attached to GlobalPool has run out of Slash Effect Ghost1 prefabs, Instantiating an additional one.
Object Pool attached to GlobalPool has run out of Slash Effect Ghost1 prefabs, Instantiating an additional one.
Object Pool attached to GlobalPool has run out of Slash Effect Ghost1 prefabs, Instantiating an additional one.
Object Pool attached to GlobalPool has run out of Slash Effect Ghost1 prefabs, Instantiating an additional one.
Object Pool attached to GlobalPool has run out of Slash Effect Ghost1 prefabs, Instantiating an additional one.
Unsupported type: null
Unsupported type: null
Object Pool attached to GlobalPool has run out of Dream Impact prefabs, Instantiating an additional one.
Object Pool attached to GlobalPool has run out of Dream Impact prefabs, Instantiating an additional one.
Object Pool attached to GlobalPool has run out of Sharp Shadow Impact prefabs, Instantiating an additional one.
Object Pool attached to GlobalPool has run out of Uninfected Hit Pt prefabs, Instantiating an additional one.
Object Pool attached to GlobalPool has run out of Slash Effect Ghost1 prefabs, Instantiating an additional one.
Object Pool attached to GlobalPool has run out of Slash Effect Ghost1 prefabs, Instantiating an additional one.
Object Pool attached to GlobalPool has run out of Slash Effect Ghost2 prefabs, Instantiating an additional one.
Object Pool attached to GlobalPool has run out of Slash Effect Ghost2 prefabs, Instantiating an additional one.
Object Pool attached to GlobalPool has run out of Slash Effect Ghost2 prefabs, Instantiating an additional one.
Object Pool attached to GlobalPool has run out of Slash Effect Ghost1 prefabs, Instantiating an additional one.
Object Pool attached to GlobalPool has run out of Slash Effect Ghost1 prefabs, Instantiating an additional one.
Object Pool attached to GlobalPool has run out of Slash Effect Ghost1 prefabs, Instantiating an additional one.
Object Pool attached to GlobalPool has run out of Slash Effect Ghost1 prefabs, Instantiating an additional one.
Object Pool attached to GlobalPool has run out of Slash Effect Ghost1 prefabs, Instantiating an additional one.
Object Pool attached to GlobalPool has run out of Slash Effect Ghost1 prefabs, Instantiating an additional one.
Object Pool attached to GlobalPool has run out of Slash Effect Ghost1 prefabs, Instantiating an additional one.
Object Pool attached to GlobalPool has run out of Slash Effect Ghost1 prefabs, Instantiating an additional one.
Object Pool attached to GlobalPool has run out of Slash Effect Ghost2 prefabs, Instantiating an additional one.
Object Pool attached to GlobalPool has run out of Slash Effect Ghost2 prefabs, Instantiating an additional one.
Failed to retrieve achievement state for ATTUNEMENT
Unsupported type: null
Unsupported type: null
Unsupported type: null
Unsupported type: null
Failed to retrieve achievement state for MAP
Failed to retrieve achievement state for STAG_STATION_HALF
Failed to retrieve achievement state for GRUBFRIEND
Failed to retrieve achievement state for CHARMED
Failed to retrieve achievement state for ENCHANTED
Failed to retrieve achievement state for SOULFUL
Failed to retrieve achievement state for PROTECTED
Failed to retrieve achievement state for ATTUNEMENT
Failed to retrieve achievement state for AWAKENING
Failed to retrieve achievement state for HORNET_1
Failed to retrieve achievement state for HORNET_2
Failed to retrieve achievement state for SOUL_MASTER_DEFEAT
Failed to retrieve achievement state for BROKEN_VESSEL
Failed to retrieve achievement state for DREAM_BROKEN_VESSEL
Failed to retrieve achievement state for DUNG_DEFENDER
Failed to retrieve achievement state for MANTIS_LORDS
Failed to retrieve achievement state for COLLECTOR
Failed to retrieve achievement state for TRAITOR_LORD
Failed to retrieve achievement state for BEAST
Failed to retrieve achievement state for WATCHER
Failed to retrieve achievement state for TEACHER
Failed to retrieve achievement state for COLOSSEUM_1
Failed to retrieve achievement state for COLOSSEUM_2
Failed to retrieve achievement state for MAP
Failed to retrieve achievement state for STAG_STATION_HALF
Failed to retrieve achievement state for GRUBFRIEND
Failed to retrieve achievement state for CHARMED
Failed to retrieve achievement state for ENCHANTED
Failed to retrieve achievement state for SOULFUL
Failed to retrieve achievement state for PROTECTED
Failed to retrieve achievement state for ATTUNEMENT
Failed to retrieve achievement state for AWAKENING
Failed to retrieve achievement state for HORNET_1
Failed to retrieve achievement state for HORNET_2
Failed to retrieve achievement state for SOUL_MASTER_DEFEAT
Failed to retrieve achievement state for BROKEN_VESSEL
Failed to retrieve achievement state for DREAM_BROKEN_VESSEL
Failed to retrieve achievement state for DUNG_DEFENDER
Failed to retrieve achievement state for MANTIS_LORDS
Failed to retrieve achievement state for COLLECTOR
Failed to retrieve achievement state for TRAITOR_LORD
Failed to retrieve achievement state for BEAST
Failed to retrieve achievement state for WATCHER
Failed to retrieve achievement state for TEACHER
Failed to retrieve achievement state for COLOSSEUM_1
Failed to retrieve achievement state for COLOSSEUM_2
Unsupported type: null
Unsupported type: null
Unsupported type: null
Unsupported type: null
Unsupported type: null
Unsupported type: null
Object Pool attached to GlobalPool has run out of Strike Nail R prefabs, Instantiating an additional one.
Bump Height: 0.001998901
Bump Height: 0.001998901
Bump Height: 0.001998901
Object Pool attached to GlobalPool has run out of Run Effects prefabs, Instantiating an additional one.
Attempting to get `timeSamples` on an audio source that has a resource assigned that is not a clip is ignored!
Object Pool attached to GlobalPool has run out of Plat Rocks prefabs, Instantiating an additional one.
Object Pool attached to GlobalPool has run out of Plat Dust prefabs, Instantiating an additional one.
Unsupported type: null
Unsupported type: null
Unsupported type: null
Unsupported type: null
Bump Height: 0.4536362
Attempting to get `timeSamples` on an audio source that has a resource assigned that is not a clip is ignored!
Unloading 74 Unused Serialized files (Serialized files now loaded: 0)
Unloading 3421 unused Assets to reduce memory usage. Loaded Objects now: 69744.
Total: 100.586000 ms (FindLiveObjects: 8.881800 ms CreateObjectMapping: 3.222000 ms MarkObjects: 78.564100 ms  DeleteObjects: 9.917700 ms)

Couldn't get static variable: skipRemoveDreamOrbs
Failed to retrieve achievement state for ATTUNEMENT
Attempting to get `timeSamples` on an audio source that has a resource assigned that is not a clip is ignored!
No area with identifier "PALACE_GROUNDS" found in area list. Creating default SubArea.
No area with identifier "HIDDEN_STATION" found in area list. Creating default SubArea.
Failed to retrieve achievement state for MAP
Failed to retrieve achievement state for STAG_STATION_HALF
Failed to retrieve achievement state for GRUBFRIEND
Failed to retrieve achievement state for CHARMED
Failed to retrieve achievement state for ENCHANTED
Failed to retrieve achievement state for SOULFUL
Failed to retrieve achievement state for PROTECTED
Failed to retrieve achievement state for ATTUNEMENT
Failed to retrieve achievement state for AWAKENING
Failed to retrieve achievement state for HORNET_1
Failed to retrieve achievement state for HORNET_2
Failed to retrieve achievement state for SOUL_MASTER_DEFEAT
Failed to retrieve achievement state for BROKEN_VESSEL
Failed to retrieve achievement state for DREAM_BROKEN_VESSEL
Failed to retrieve achievement state for DUNG_DEFENDER
Failed to retrieve achievement state for MANTIS_LORDS
Failed to retrieve achievement state for COLLECTOR
Failed to retrieve achievement state for TRAITOR_LORD
Failed to retrieve achievement state for BEAST
Failed to retrieve achievement state for WATCHER
Failed to retrieve achievement state for TEACHER
Failed to retrieve achievement state for COLOSSEUM_1
Failed to retrieve achievement state for COLOSSEUM_2
Attempting to get `timeSamples` on an audio source that has a resource assigned that is not a clip is ignored!
Unloading 39 Unused Serialized files (Serialized files now loaded: 0)
Unloading 1327 unused Assets to reduce memory usage. Loaded Objects now: 69749.
Total: 88.122300 ms (FindLiveObjects: 8.013200 ms CreateObjectMapping: 3.040600 ms MarkObjects: 72.338800 ms  DeleteObjects: 4.729100 ms)

Failed to retrieve achievement state for ATTUNEMENT
Object Pool attached to GlobalPool has run out of Plat Dust prefabs, Instantiating an additional one.
Object Pool attached to GlobalPool has run out of Plat Stream Dust prefabs, Instantiating an additional one.
Object Pool attached to GlobalPool has run out of Plat Rocks prefabs, Instantiating an additional one.
Object Pool attached to GlobalPool has run out of Plat Stream Dust prefabs, Instantiating an additional one.
Object Pool attached to GlobalPool has run out of Plat Rocks prefabs, Instantiating an additional one.
Object Pool attached to GlobalPool has run out of Plat Rocks prefabs, Instantiating an additional one.
Object Pool attached to GlobalPool could not find a copy of Slash Effect Shade, Instantiating a new one.
Object Pool attached to GlobalPool has run out of Slash Effect Shade prefabs, Instantiating an additional one.
Object Pool attached to GlobalPool has run out of Slash Effect Shade prefabs, Instantiating an additional one.
Object Pool attached to GlobalPool has run out of Hit Flash Black prefabs, Instantiating an additional one.
Object Pool attached to GlobalPool has run out of Run Effects prefabs, Instantiating an additional one.
Unsupported type: null
Unsupported type: null
Unsupported type: null
Unsupported type: null
Unsupported type: null
Unsupported type: null
Unsupported type: null
Unsupported type: null
Unsupported type: null
Unsupported type: null
Unsupported type: null
Unsupported type: null
Unsupported type: null
Unsupported type: null
Unsupported type: null
Unsupported type: null
Unsupported type: null
Unsupported type: null
Object Pool attached to GlobalPool has run out of Audio Player Actor 2D prefabs, Instantiating an additional one.
Object Pool attached to GlobalPool could not find a copy of Audio Player NoDestroy, Instantiating a new one.
Failed to retrieve achievement state for VOID
Pushing achievement VOID
Attempting to get `timeSamples` on an audio source that has a resource assigned that is not a clip is ignored!
Unloading 34 Unused Serialized files (Serialized files now loaded: 0)
Unloading 631 unused Assets to reduce memory usage. Loaded Objects now: 69890.
Total: 85.160400 ms (FindLiveObjects: 8.585400 ms CreateObjectMapping: 2.625200 ms MarkObjects: 71.811700 ms  DeleteObjects: 2.137800 ms)

Failed to retrieve achievement state for ATTUNEMENT
Attempting to get `timeSamples` on an audio source that has a resource assigned that is not a clip is ignored!
No area with identifier "PALACE_GROUNDS" found in area list. Creating default SubArea.
No area with identifier "HIDDEN_STATION" found in area list. Creating default SubArea.
Object Pool attached to GlobalPool has run out of Charm Place Effect prefabs, Instantiating an additional one.
Failed to retrieve achievement state for MAP
Failed to retrieve achievement state for STAG_STATION_HALF
Failed to retrieve achievement state for GRUBFRIEND
Failed to retrieve achievement state for CHARMED
Failed to retrieve achievement state for ENCHANTED
Failed to retrieve achievement state for SOULFUL
Failed to retrieve achievement state for PROTECTED
Failed to retrieve achievement state for ATTUNEMENT
Failed to retrieve achievement state for AWAKENING
Failed to retrieve achievement state for HORNET_1
Failed to retrieve achievement state for HORNET_2
Failed to retrieve achievement state for SOUL_MASTER_DEFEAT
Failed to retrieve achievement state for BROKEN_VESSEL
Failed to retrieve achievement state for DREAM_BROKEN_VESSEL
Failed to retrieve achievement state for DUNG_DEFENDER
Failed to retrieve achievement state for MANTIS_LORDS
Failed to retrieve achievement state for COLLECTOR
Failed to retrieve achievement state for TRAITOR_LORD
Failed to retrieve achievement state for BEAST
Failed to retrieve achievement state for WATCHER
Failed to retrieve achievement state for TEACHER
Failed to retrieve achievement state for COLOSSEUM_1
Failed to retrieve achievement state for COLOSSEUM_2
Could not find FSM: Enough Geo
LoadLevel: Cinematic_Stag_travel
Unloading 34 Unused Serialized files (Serialized files now loaded: 0)
UnloadTime: 2.561000 ms
Performing automatic level start.
Unloading 1739 unused Assets to reduce memory usage. Loaded Objects now: 57444.
Total: 89.731800 ms (FindLiveObjects: 5.053000 ms CreateObjectMapping: 2.656900 ms MarkObjects: 74.730700 ms  DeleteObjects: 7.290700 ms)

Attempting to get `timeSamples` on an audio source that has a resource assigned that is not a clip is ignored!
Unexpected timestamp values detected. This can occur in H.264 videos not encoded with the baseline profile. Timestamps will be skewed to correct the playback for I:\Medal\hollow knight\Hollow Knight\hollow_knight_Data\sharedassets8.resource
Color primaries 0 is unknown or unsupported by WindowsMediaFoundation. Falling back to default may result in color shift. I:\Medal\hollow knight\Hollow Knight\hollow_knight_Data\sharedassets8.resource
Attempting to set `time` on an audio source that has a resource assigned that is not a clip is ignored!
No Tilemap, refreshing GameManager
Could not find FSM: health_manager_enemy
Could not find FSM: health_manager_enemy
Could not find FSM: health_manager_enemy
Could not find FSM: health_manager_enemy
Could not find FSM: health_manager_enemy
Could not find FSM: health_manager_enemy
Object Pool attached to GlobalPool has run out of Strike Nail R prefabs, Instantiating an additional one.
Persistent Bool Item - Couldn't reset value on FSM because it's missing.
Failed to retrieve achievement state for MAP
Failed to retrieve achievement state for STAG_STATION_HALF
Failed to retrieve achievement state for GRUBFRIEND
Failed to retrieve achievement state for CHARMED
Failed to retrieve achievement state for ENCHANTED
Failed to retrieve achievement state for SOULFUL
Failed to retrieve achievement state for PROTECTED
Failed to retrieve achievement state for ATTUNEMENT
Failed to retrieve achievement state for AWAKENING
Failed to retrieve achievement state for HORNET_1
Failed to retrieve achievement state for HORNET_2
Failed to retrieve achievement state for SOUL_MASTER_DEFEAT
Failed to retrieve achievement state for BROKEN_VESSEL
Failed to retrieve achievement state for DREAM_BROKEN_VESSEL
Failed to retrieve achievement state for DUNG_DEFENDER
Failed to retrieve achievement state for MANTIS_LORDS
Failed to retrieve achievement state for COLLECTOR
Failed to retrieve achievement state for TRAITOR_LORD
Failed to retrieve achievement state for BEAST
Failed to retrieve achievement state for WATCHER
Failed to retrieve achievement state for TEACHER
Failed to retrieve achievement state for COLOSSEUM_1
Failed to retrieve achievement state for COLOSSEUM_2
Hazard Respawn Trigger (2) does not have a Hazard Respawn Marker Set
Could not find FSM: health_manager_enemy
Could not find FSM: health_manager_enemy
Could not find FSM: health_manager_enemy
Could not find FSM: health_manager_enemy
Could not find FSM: health_manager_enemy
Bump Height: 0.0052948
Bump Height: 0.0052948
Could not find FSM: Control Lever
Could not find FSM: Control Lever
Could not find FSM: Control Lever
Could not find FSM: Control Lever
Could not find FSM: Control Lever
Could not find FSM: Control Lever
Bump Height: 0.005290985
Could not find FSM: Control Lever
Could not find FSM: Control Lever
Object Pool attached to GlobalPool has run out of Audio Player NoDestroy prefabs, Instantiating an additional one.
Could not find FSM: Control Lever
Could not find FSM: Control Lever
Could not find FSM: Control Lever
Could not find FSM: Control Lever
Hazard Respawn Trigger (2) does not have a Hazard Respawn Marker Set
Could not find FSM: health_manager_enemy
Could not find FSM: health_manager_enemy
Could not find FSM: health_manager_enemy
Could not find FSM: health_manager_enemy
Could not find FSM: health_manager_enemy
Could not find FSM: Control Lever
Could not find FSM: Control Lever
Could not find FSM: health_manager_enemy
Could not find FSM: health_manager_enemy
Could not find FSM: health_manager_enemy
Could not find FSM: health_manager_enemy
Could not find FSM: health_manager_enemy
PlayOneShot was called with a null AudioClip.
PlayOneShot was called with a null AudioClip.
PlayOneShot was called with a null AudioClip.
PlayOneShot was called with a null AudioClip.
PlayOneShot was called with a null AudioClip.
PlayOneShot was called with a null AudioClip.
PlayOneShot was called with a null AudioClip.
PlayOneShot was called with a null AudioClip.
Could not find FSM: health_manager_enemy
Failed to retrieve achievement state for MAP
Failed to retrieve achievement state for STAG_STATION_HALF
Failed to retrieve achievement state for GRUBFRIEND
Failed to retrieve achievement state for CHARMED
Failed to retrieve achievement state for ENCHANTED
Failed to retrieve achievement state for SOULFUL
Failed to retrieve achievement state for PROTECTED
Failed to retrieve achievement state for ATTUNEMENT
Failed to retrieve achievement state for AWAKENING
Failed to retrieve achievement state for HORNET_1
Failed to retrieve achievement state for HORNET_2
Failed to retrieve achievement state for SOUL_MASTER_DEFEAT
Failed to retrieve achievement state for BROKEN_VESSEL
Failed to retrieve achievement state for DREAM_BROKEN_VESSEL
Failed to retrieve achievement state for DUNG_DEFENDER
Failed to retrieve achievement state for MANTIS_LORDS
Failed to retrieve achievement state for COLLECTOR
Failed to retrieve achievement state for TRAITOR_LORD
Failed to retrieve achievement state for BEAST
Failed to retrieve achievement state for WATCHER
Failed to retrieve achievement state for TEACHER
Failed to retrieve achievement state for COLOSSEUM_1
Failed to retrieve achievement state for COLOSSEUM_2
Could not find FSM: Enough Geo
LoadLevel: Cinematic_Stag_travel
Unloading 52 Unused Serialized files (Serialized files now loaded: 0)
UnloadTime: 3.895600 ms
Performing automatic level start.
Unloading 3768 unused Assets to reduce memory usage. Loaded Objects now: 57279.
Total: 94.750000 ms (FindLiveObjects: 5.239300 ms CreateObjectMapping: 3.727700 ms MarkObjects: 70.529300 ms  DeleteObjects: 15.253300 ms)

Attempting to get `timeSamples` on an audio source that has a resource assigned that is not a clip is ignored!
Unexpected timestamp values detected. This can occur in H.264 videos not encoded with the baseline profile. Timestamps will be skewed to correct the playback for I:\Medal\hollow knight\Hollow Knight\hollow_knight_Data\sharedassets8.resource
Color primaries 0 is unknown or unsupported by WindowsMediaFoundation. Falling back to default may result in color shift. I:\Medal\hollow knight\Hollow Knight\hollow_knight_Data\sharedassets8.resource
Attempting to set `time` on an audio source that has a resource assigned that is not a clip is ignored!
No Tilemap, refreshing GameManager
Failed to retrieve achievement state for MAP
Failed to retrieve achievement state for STAG_STATION_HALF
Failed to retrieve achievement state for GRUBFRIEND
Failed to retrieve achievement state for CHARMED
Failed to retrieve achievement state for ENCHANTED
Failed to retrieve achievement state for SOULFUL
Failed to retrieve achievement state for PROTECTED
Failed to retrieve achievement state for ATTUNEMENT
Failed to retrieve achievement state for AWAKENING
Failed to retrieve achievement state for HORNET_1
Failed to retrieve achievement state for HORNET_2
Failed to retrieve achievement state for SOUL_MASTER_DEFEAT
Failed to retrieve achievement state for BROKEN_VESSEL
Failed to retrieve achievement state for DREAM_BROKEN_VESSEL
Failed to retrieve achievement state for DUNG_DEFENDER
Failed to retrieve achievement state for MANTIS_LORDS
Failed to retrieve achievement state for COLLECTOR
Failed to retrieve achievement state for TRAITOR_LORD
Failed to retrieve achievement state for BEAST
Failed to retrieve achievement state for WATCHER
Failed to retrieve achievement state for TEACHER
Failed to retrieve achievement state for COLOSSEUM_1
Failed to retrieve achievement state for COLOSSEUM_2
Object Pool attached to GlobalPool has run out of Arrow Prompt prefabs, Instantiating an additional one.
Failed to retrieve achievement state for MAP
Failed to retrieve achievement state for STAG_STATION_HALF
Failed to retrieve achievement state for GRUBFRIEND
Failed to retrieve achievement state for CHARMED
Failed to retrieve achievement state for ENCHANTED
Failed to retrieve achievement state for SOULFUL
Failed to retrieve achievement state for PROTECTED
Failed to retrieve achievement state for ATTUNEMENT
Failed to retrieve achievement state for AWAKENING
Failed to retrieve achievement state for HORNET_1
Failed to retrieve achievement state for HORNET_2
Failed to retrieve achievement state for SOUL_MASTER_DEFEAT
Failed to retrieve achievement state for BROKEN_VESSEL
Failed to retrieve achievement state for DREAM_BROKEN_VESSEL
Failed to retrieve achievement state for DUNG_DEFENDER
Failed to retrieve achievement state for MANTIS_LORDS
Failed to retrieve achievement state for COLLECTOR
Failed to retrieve achievement state for TRAITOR_LORD
Failed to retrieve achievement state for BEAST
Failed to retrieve achievement state for WATCHER
Failed to retrieve achievement state for TEACHER
Failed to retrieve achievement state for COLOSSEUM_1
Failed to retrieve achievement state for COLOSSEUM_2
Object Pool attached to GlobalPool has run out of HK Plume prefabs, Instantiating an additional one.
Object Pool attached to GlobalPool has run out of HK Plume prefabs, Instantiating an additional one.
Object Pool attached to GlobalPool has run out of HK Plume prefabs, Instantiating an additional one.
Object Pool attached to GlobalPool has run out of HK Plume prefabs, Instantiating an additional one.
Object Pool attached to GlobalPool has run out of HK Plume prefabs, Instantiating an additional one.
Could not find FSM: health_manager_enemy
Object Pool attached to GlobalPool has run out of particle_orange blood prefabs, Instantiating an additional one.
Object Pool attached to GlobalPool has run out of particle_orange blood prefabs, Instantiating an additional one.
Object Pool attached to GlobalPool has run out of particle_orange blood prefabs, Instantiating an additional one.
Object Pool attached to GlobalPool has run out of particle_orange blood prefabs, Instantiating an additional one.
Object Pool attached to GlobalPool has run out of particle_orange blood prefabs, Instantiating an additional one.
Object Pool attached to GlobalPool has run out of particle_orange blood prefabs, Instantiating an additional one.
Object Pool attached to GlobalPool has run out of particle_orange blood prefabs, Instantiating an additional one.
Object Pool attached to GlobalPool has run out of particle_orange blood prefabs, Instantiating an additional one.
Object Pool attached to GlobalPool has run out of particle_orange blood prefabs, Instantiating an additional one.
Object Pool attached to GlobalPool has run out of particle_orange blood prefabs, Instantiating an additional one.
Object Pool attached to GlobalPool has run out of particle_orange blood prefabs, Instantiating an additional one.
Object Pool attached to GlobalPool has run out of particle_orange blood prefabs, Instantiating an additional one.
Object Pool attached to GlobalPool has run out of particle_orange blood prefabs, Instantiating an additional one.
Object Pool attached to GlobalPool has run out of particle_orange blood prefabs, Instantiating an additional one.
Object Pool attached to GlobalPool has run out of particle_orange blood prefabs, Instantiating an additional one.
Object Pool attached to GlobalPool has run out of particle_orange blood prefabs, Instantiating an additional one.
Object Pool attached to GlobalPool has run out of particle_orange blood prefabs, Instantiating an additional one.
Object Pool attached to GlobalPool has run out of particle_orange blood prefabs, Instantiating an additional one.
Object Pool attached to GlobalPool has run out of particle_orange blood prefabs, Instantiating an additional one.
Object Pool attached to GlobalPool has run out of particle_orange blood prefabs, Instantiating an additional one.
Object Pool attached to GlobalPool has run out of particle_orange blood prefabs, Instantiating an additional one.
Object Pool attached to GlobalPool has run out of particle_orange blood prefabs, Instantiating an additional one.
Object Pool attached to GlobalPool has run out of particle_orange blood prefabs, Instantiating an additional one.
Object Pool attached to GlobalPool has run out of particle_orange blood prefabs, Instantiating an additional one.
Object Pool attached to GlobalPool has run out of particle_orange blood prefabs, Instantiating an additional one.
Object Pool attached to GlobalPool has run out of particle_orange blood prefabs, Instantiating an additional one.
Object Pool attached to GlobalPool has run out of particle_orange blood prefabs, Instantiating an additional one.
Object Pool attached to GlobalPool has run out of particle_orange blood prefabs, Instantiating an additional one.
Object Pool attached to GlobalPool has run out of Shot HK Spurt prefabs, Instantiating an additional one.
Object Pool attached to GlobalPool has run out of Shot HK Spurt prefabs, Instantiating an additional one.
Object Pool attached to GlobalPool has run out of Shot HK Spurt prefabs, Instantiating an additional one.
Object Pool attached to GlobalPool has run out of Shot HK Spurt prefabs, Instantiating an additional one.
Object Pool attached to GlobalPool has run out of Shot HK Spurt prefabs, Instantiating an additional one.
Object Pool attached to GlobalPool has run out of Shot HK Spurt prefabs, Instantiating an additional one.
Object Pool attached to GlobalPool has run out of Shot HK Spurt prefabs, Instantiating an additional one.
Object Pool attached to GlobalPool has run out of Shot HK Spurt prefabs, Instantiating an additional one.
Object Pool attached to GlobalPool has run out of Shot HK Spurt prefabs, Instantiating an additional one.
Object Pool attached to GlobalPool has run out of Shot HK Spurt prefabs, Instantiating an additional one.
Object Pool attached to GlobalPool has run out of Shot HK Spurt prefabs, Instantiating an additional one.
Object Pool attached to GlobalPool has run out of Shot HK Spurt prefabs, Instantiating an additional one.
Object Pool attached to GlobalPool has run out of Shot HK Spurt prefabs, Instantiating an additional one.
Object Pool attached to GlobalPool has run out of Shot HK Spurt prefabs, Instantiating an additional one.
Object Pool attached to GlobalPool has run out of Shot HK Spurt prefabs, Instantiating an additional one.
Object Pool attached to GlobalPool has run out of Shot HK Spurt prefabs, Instantiating an additional one.
Object Pool attached to GlobalPool has run out of Shot HK Spurt prefabs, Instantiating an additional one.
Object Pool attached to GlobalPool has run out of Shot HK Spurt prefabs, Instantiating an additional one.
Object Pool attached to GlobalPool has run out of Shot HK Spurt prefabs, Instantiating an additional one.
Object Pool attached to GlobalPool has run out of Run Effects prefabs, Instantiating an additional one.
Object Pool attached to GlobalPool has run out of Audio Player Actor 2D prefabs, Instantiating an additional one.
Object Pool attached to GlobalPool has run out of Ghost Hit Pt prefabs, Instantiating an additional one.
Object Pool attached to GlobalPool has run out of Ghost Hit Pt prefabs, Instantiating an additional one.
Couldn't find current scene object!
Object Pool attached to GlobalPool has run out of Audio Player NoDestroy prefabs, Instantiating an additional one.
Unloading 53 Unused Serialized files (Serialized files now loaded: 0)
Unloading 3797 unused Assets to reduce memory usage. Loaded Objects now: 62194.
Total: 104.147900 ms (FindLiveObjects: 10.041200 ms CreateObjectMapping: 3.277500 ms MarkObjects: 73.046000 ms  DeleteObjects: 17.782600 ms)

Failed to retrieve achievement state for MAP
Failed to retrieve achievement state for STAG_STATION_HALF
Failed to retrieve achievement state for GRUBFRIEND
Failed to retrieve achievement state for CHARMED
Failed to retrieve achievement state for ENCHANTED
Failed to retrieve achievement state for SOULFUL
Failed to retrieve achievement state for PROTECTED
Failed to retrieve achievement state for ATTUNEMENT
Failed to retrieve achievement state for AWAKENING
Failed to retrieve achievement state for HORNET_1
Failed to retrieve achievement state for HORNET_2
Failed to retrieve achievement state for SOUL_MASTER_DEFEAT
Failed to retrieve achievement state for BROKEN_VESSEL
Failed to retrieve achievement state for DREAM_BROKEN_VESSEL
Failed to retrieve achievement state for DUNG_DEFENDER
Failed to retrieve achievement state for MANTIS_LORDS
Failed to retrieve achievement state for COLLECTOR
Failed to retrieve achievement state for TRAITOR_LORD
Failed to retrieve achievement state for BEAST
Failed to retrieve achievement state for WATCHER
Failed to retrieve achievement state for TEACHER
Failed to retrieve achievement state for COLOSSEUM_1
Failed to retrieve achievement state for COLOSSEUM_2
Could not find FSM: health_manager_enemy
Object Pool attached to GlobalPool has run out of particle_orange blood prefabs, Instantiating an additional one.
Object Pool attached to GlobalPool has run out of particle_orange blood prefabs, Instantiating an additional one.
Object Pool attached to GlobalPool has run out of Ghost Hit Pt prefabs, Instantiating an additional one.
Couldn't find current scene object!
Object Pool attached to GlobalPool has run out of Audio Player NoDestroy prefabs, Instantiating an additional one.
Unloading 47 Unused Serialized files (Serialized files now loaded: 0)
Unloading 1007 unused Assets to reduce memory usage. Loaded Objects now: 62368.
Total: 88.336700 ms (FindLiveObjects: 9.162900 ms CreateObjectMapping: 2.607600 ms MarkObjects: 71.581000 ms  DeleteObjects: 4.984900 ms)

Failed to retrieve achievement state for MAP
Failed to retrieve achievement state for STAG_STATION_HALF
Failed to retrieve achievement state for GRUBFRIEND
Failed to retrieve achievement state for CHARMED
Failed to retrieve achievement state for ENCHANTED
Failed to retrieve achievement state for SOULFUL
Failed to retrieve achievement state for PROTECTED
Failed to retrieve achievement state for ATTUNEMENT
Failed to retrieve achievement state for AWAKENING
Failed to retrieve achievement state for HORNET_1
Failed to retrieve achievement state for HORNET_2
Failed to retrieve achievement state for SOUL_MASTER_DEFEAT
Failed to retrieve achievement state for BROKEN_VESSEL
Failed to retrieve achievement state for DREAM_BROKEN_VESSEL
Failed to retrieve achievement state for DUNG_DEFENDER
Failed to retrieve achievement state for MANTIS_LORDS
Failed to retrieve achievement state for COLLECTOR
Failed to retrieve achievement state for TRAITOR_LORD
Failed to retrieve achievement state for BEAST
Failed to retrieve achievement state for WATCHER
Failed to retrieve achievement state for TEACHER
Failed to retrieve achievement state for COLOSSEUM_1
Failed to retrieve achievement state for COLOSSEUM_2
Failed to retrieve achievement state for MAP
Failed to retrieve achievement state for STAG_STATION_HALF
Failed to retrieve achievement state for GRUBFRIEND
Failed to retrieve achievement state for CHARMED
Failed to retrieve achievement state for ENCHANTED
Failed to retrieve achievement state for SOULFUL
Failed to retrieve achievement state for PROTECTED
Failed to retrieve achievement state for ATTUNEMENT
Failed to retrieve achievement state for AWAKENING
Failed to retrieve achievement state for HORNET_1
Failed to retrieve achievement state for HORNET_2
Failed to retrieve achievement state for SOUL_MASTER_DEFEAT
Failed to retrieve achievement state for BROKEN_VESSEL
Failed to retrieve achievement state for DREAM_BROKEN_VESSEL
Failed to retrieve achievement state for DUNG_DEFENDER
Failed to retrieve achievement state for MANTIS_LORDS
Failed to retrieve achievement state for COLLECTOR
Failed to retrieve achievement state for TRAITOR_LORD
Failed to retrieve achievement state for BEAST
Failed to retrieve achievement state for WATCHER
Failed to retrieve achievement state for TEACHER
Failed to retrieve achievement state for COLOSSEUM_1
Failed to retrieve achievement state for COLOSSEUM_2
Failed to retrieve achievement state for MAP
Failed to retrieve achievement state for STAG_STATION_HALF
Failed to retrieve achievement state for GRUBFRIEND
Failed to retrieve achievement state for CHARMED
Failed to retrieve achievement state for ENCHANTED
Failed to retrieve achievement state for SOULFUL
Failed to retrieve achievement state for PROTECTED
Failed to retrieve achievement state for ATTUNEMENT
Failed to retrieve achievement state for AWAKENING
Failed to retrieve achievement state for HORNET_1
Failed to retrieve achievement state for HORNET_2
Failed to retrieve achievement state for SOUL_MASTER_DEFEAT
Failed to retrieve achievement state for BROKEN_VESSEL
Failed to retrieve achievement state for DREAM_BROKEN_VESSEL
Failed to retrieve achievement state for DUNG_DEFENDER
Failed to retrieve achievement state for MANTIS_LORDS
Failed to retrieve achievement state for COLLECTOR
Failed to retrieve achievement state for TRAITOR_LORD
Failed to retrieve achievement state for BEAST
Failed to retrieve achievement state for WATCHER
Failed to retrieve achievement state for TEACHER
Failed to retrieve achievement state for COLOSSEUM_1
Failed to retrieve achievement state for COLOSSEUM_2
Unloading 6 Unused Serialized files (Serialized files now loaded: 0)
UnloadTime: 5.320800 ms
No Tilemap, refreshing GameManager
Using fallback 1 to find tilemap. Scene  requires manual fixing.
Using fallback 2 to find tilemap. Scene  requires manual fixing.
Failed to find tilemap in  entirely.
No Tilemap found!
Unloading 209 unused Assets to reduce memory usage. Loaded Objects now: 59560.
Total: 82.852900 ms (FindLiveObjects: 10.308500 ms CreateObjectMapping: 2.389500 ms MarkObjects: 68.896300 ms  DeleteObjects: 1.258300 ms)

Unloading 5 Unused Serialized files (Serialized files now loaded: 0)
UnloadTime: 0.840600 ms
DontDestroyOnLoad only works for root GameObjects or components on root GameObjects.
Performing automatic level start.
Failed to retrieve achievement state for ENDING_C
Failed to retrieve achievement state for STEELSOUL
Game controller set to None.
Loaded saved language code 'EN'
Restored language code 'EN'
Attempting to get `timeSamples` on an audio source that has a resource assigned that is not a clip is ignored!
Unloading 819 unused Assets to reduce memory usage. Loaded Objects now: 50459.
Total: 84.388900 ms (FindLiveObjects: 8.555400 ms CreateObjectMapping: 4.216300 ms MarkObjects: 68.887900 ms  DeleteObjects: 2.728900 ms)

Unloading 1 Unused Serialized files (Serialized files now loaded: 0)
pd.maxHealth: 8 pd.maxHealthBase: 8
pd.maxHealth: 5 pd.maxHealthBase: 5
Unloading 0 unused Assets to reduce memory usage. Loaded Objects now: 50461.
Total: 75.598600 ms (FindLiveObjects: 6.671500 ms CreateObjectMapping: 3.082000 ms MarkObjects: 65.742500 ms  DeleteObjects: 0.102300 ms)

Failed to retrieve achievement state for PROTECTED
Failed to retrieve achievement state for MASKED
Failed to retrieve achievement state for CHARMED
Failed to retrieve achievement state for ENCHANTED
Failed to retrieve achievement state for BLESSED
Failed to retrieve achievement state for SOULFUL
Failed to retrieve achievement state for WORLDSOUL
Failed to retrieve achievement state for FK_DEFEAT
Failed to retrieve achievement state for DREAM_FK
Failed to retrieve achievement state for HORNET_1
Failed to retrieve achievement state for HORNET_2
Shutting down Steam API.
[Physics::Module] Cleanup current backned.
[Physics::Module] Id: 0xf2b8ea05
Input System module state changed to: ShutdownInProgress.
Input System polling thread exited.
Input System module state changed to: Shutdown.
